// Vitest Snapshot v1

exports[`usePagination 2`] = `
{
  "current": 2,
  "goTo": [Function],
  "goToFirst": [Function],
  "goToLast": [Function],
  "handleNext": [Function],
  "handlePrev": [Function],
  "pagination": [
    1,
    2,
    3,
  ],
  "setCurrent": [Function],
}
`;
